# building statistics cache...
Traceback (most recent call last):
  File "/home/thorben.klamt/theobroma/scripts/update_statistics_cache.py", line 27, in <module>
    total = run_sql("SELECT COUNT(*) FROM compounds")
  File "/home/thorben.klamt/theobroma/scripts/update_statistics_cache.py", line 10, in run_sql
    r = subprocess.run(
        ['sudo','-u','postgres','psql','-d','theobroma','-At','-F','\t','-c', q],
        capture_output=True, text=True, check=True
    )
  File "/usr/lib/python3.13/subprocess.py", line 577, in run
    raise CalledProcessError(retcode, process.args,
                             output=stdout, stderr=stderr)
subprocess.CalledProcessError: Command '['sudo', '-u', 'postgres', 'psql', '-d', 'theobroma', '-At', '-F', '\t', '-c', 'SELECT COUNT(*) FROM compounds']' returned non-zero exit status 1.
# building statistics cache...
Traceback (most recent call last):
  File "/home/thorben.klamt/theobroma/scripts/update_statistics_cache.py", line 27, in <module>
    total = run_sql("SELECT COUNT(*) FROM compounds")
  File "/home/thorben.klamt/theobroma/scripts/update_statistics_cache.py", line 10, in run_sql
    r = subprocess.run(
        ['sudo','-u','postgres','psql','-d','theobroma','-At','-F','\t','-c', q],
        capture_output=True, text=True, check=True
    )
  File "/usr/lib/python3.13/subprocess.py", line 577, in run
    raise CalledProcessError(retcode, process.args,
                             output=stdout, stderr=stderr)
subprocess.CalledProcessError: Command '['sudo', '-u', 'postgres', 'psql', '-d', 'theobroma', '-At', '-F', '\t', '-c', 'SELECT COUNT(*) FROM compounds']' returned non-zero exit status 1.
# building statistics cache...
Traceback (most recent call last):
  File "/home/thorben.klamt/theobroma/scripts/update_statistics_cache.py", line 27, in <module>
    total = run_sql("SELECT COUNT(*) FROM compounds")
  File "/home/thorben.klamt/theobroma/scripts/update_statistics_cache.py", line 10, in run_sql
    r = subprocess.run(
        ['sudo','-u','postgres','psql','-d','theobroma','-At','-F','\t','-c', q],
        capture_output=True, text=True, check=True
    )
  File "/usr/lib/python3.13/subprocess.py", line 577, in run
    raise CalledProcessError(retcode, process.args,
                             output=stdout, stderr=stderr)
subprocess.CalledProcessError: Command '['sudo', '-u', 'postgres', 'psql', '-d', 'theobroma', '-At', '-F', '\t', '-c', 'SELECT COUNT(*) FROM compounds']' returned non-zero exit status 1.
# building statistics cache...
Traceback (most recent call last):
  File "/home/thorben.klamt/theobroma/scripts/update_statistics_cache.py", line 27, in <module>
    total = run_sql("SELECT COUNT(*) FROM compounds")
  File "/home/thorben.klamt/theobroma/scripts/update_statistics_cache.py", line 10, in run_sql
    r = subprocess.run(
        ['sudo','-u','postgres','psql','-d','theobroma','-At','-F','\t','-c', q],
        capture_output=True, text=True, check=True
    )
  File "/usr/lib/python3.13/subprocess.py", line 577, in run
    raise CalledProcessError(retcode, process.args,
                             output=stdout, stderr=stderr)
subprocess.CalledProcessError: Command '['sudo', '-u', 'postgres', 'psql', '-d', 'theobroma', '-At', '-F', '\t', '-c', 'SELECT COUNT(*) FROM compounds']' returned non-zero exit status 1.
# building statistics cache...
Traceback (most recent call last):
  File "/home/thorben.klamt/theobroma/scripts/update_statistics_cache.py", line 27, in <module>
    total = run_sql("SELECT COUNT(*) FROM compounds")
  File "/home/thorben.klamt/theobroma/scripts/update_statistics_cache.py", line 10, in run_sql
    r = subprocess.run(
        ['sudo','-u','postgres','psql','-d','theobroma','-At','-F','\t','-c', q],
        capture_output=True, text=True, check=True
    )
  File "/usr/lib/python3.13/subprocess.py", line 577, in run
    raise CalledProcessError(retcode, process.args,
                             output=stdout, stderr=stderr)
subprocess.CalledProcessError: Command '['sudo', '-u', 'postgres', 'psql', '-d', 'theobroma', '-At', '-F', '\t', '-c', 'SELECT COUNT(*) FROM compounds']' returned non-zero exit status 1.
# building statistics cache...
Traceback (most recent call last):
  File "/home/thorben.klamt/theobroma/scripts/update_statistics_cache.py", line 27, in <module>
    total = run_sql("SELECT COUNT(*) FROM compounds")
  File "/home/thorben.klamt/theobroma/scripts/update_statistics_cache.py", line 10, in run_sql
    r = subprocess.run(
        ['sudo','-u','postgres','psql','-d','theobroma','-At','-F','\t','-c', q],
        capture_output=True, text=True, check=True
    )
  File "/usr/lib/python3.13/subprocess.py", line 577, in run
    raise CalledProcessError(retcode, process.args,
                             output=stdout, stderr=stderr)
subprocess.CalledProcessError: Command '['sudo', '-u', 'postgres', 'psql', '-d', 'theobroma', '-At', '-F', '\t', '-c', 'SELECT COUNT(*) FROM compounds']' returned non-zero exit status 1.
# building statistics cache...
Traceback (most recent call last):
  File "/home/thorben.klamt/theobroma/scripts/update_statistics_cache.py", line 27, in <module>
    total = run_sql("SELECT COUNT(*) FROM compounds")
  File "/home/thorben.klamt/theobroma/scripts/update_statistics_cache.py", line 10, in run_sql
    r = subprocess.run(
        ['sudo','-u','postgres','psql','-d','theobroma','-At','-F','\t','-c', q],
        capture_output=True, text=True, check=True
    )
  File "/usr/lib/python3.13/subprocess.py", line 577, in run
    raise CalledProcessError(retcode, process.args,
                             output=stdout, stderr=stderr)
subprocess.CalledProcessError: Command '['sudo', '-u', 'postgres', 'psql', '-d', 'theobroma', '-At', '-F', '\t', '-c', 'SELECT COUNT(*) FROM compounds']' returned non-zero exit status 1.
# building statistics cache...
Traceback (most recent call last):
  File "/home/thorben.klamt/theobroma/scripts/update_statistics_cache.py", line 27, in <module>
    total = run_sql("SELECT COUNT(*) FROM compounds")
  File "/home/thorben.klamt/theobroma/scripts/update_statistics_cache.py", line 10, in run_sql
    r = subprocess.run(
        ['sudo','-u','postgres','psql','-d','theobroma','-At','-F','\t','-c', q],
        capture_output=True, text=True, check=True
    )
  File "/usr/lib/python3.13/subprocess.py", line 577, in run
    raise CalledProcessError(retcode, process.args,
                             output=stdout, stderr=stderr)
subprocess.CalledProcessError: Command '['sudo', '-u', 'postgres', 'psql', '-d', 'theobroma', '-At', '-F', '\t', '-c', 'SELECT COUNT(*) FROM compounds']' returned non-zero exit status 1.
