fetching IPs from access_log...
  distinct non-bot IPs: 0
  cache hits so far: 0
  needs lookup: 0
  cache size: 169

resolved 0 countries, 0 IPs
unresolved: 0
top 10:

wrote /home/thorben.klamt/theobroma/static/visitors_by_country.json and /home/thorben.klamt/theobroma/static/visitors_meta.json
fetching IPs from access_log...
  distinct non-bot IPs: 0
  cache hits so far: 0
  needs lookup: 0
  cache size: 169

resolved 0 countries, 0 IPs
unresolved: 0
top 10:

wrote /home/thorben.klamt/theobroma/static/visitors_by_country.json and /home/thorben.klamt/theobroma/static/visitors_meta.json
fetching IPs from access_log...
  distinct non-bot IPs: 0
  cache hits so far: 0
  needs lookup: 0
  cache size: 169

resolved 0 countries, 0 IPs
unresolved: 0
top 10:

wrote /home/thorben.klamt/theobroma/static/visitors_by_country.json and /home/thorben.klamt/theobroma/static/visitors_meta.json
fetching IPs from access_log...
  distinct non-bot IPs: 0
  cache hits so far: 0
  needs lookup: 0
  cache size: 189

resolved 0 countries, 0 IPs
unresolved: 0
top 10:

wrote /home/thorben.klamt/theobroma/static/visitors_by_country.json and /home/thorben.klamt/theobroma/static/visitors_meta.json
fetching IPs from access_log...
  distinct non-bot IPs: 0
  cache hits so far: 0
  needs lookup: 0
  cache size: 189

resolved 0 countries, 0 IPs
unresolved: 0
top 10:

wrote /home/thorben.klamt/theobroma/static/visitors_by_country.json and /home/thorben.klamt/theobroma/static/visitors_meta.json
fetching IPs from access_log...
  distinct non-bot IPs: 0
  cache hits so far: 0
  needs lookup: 0
  cache size: 212

resolved 0 countries, 0 IPs
unresolved: 0
top 10:

wrote /home/thorben.klamt/theobroma/static/visitors_by_country.json and /home/thorben.klamt/theobroma/static/visitors_meta.json
fetching IPs from access_log...
  distinct non-bot IPs: 0
  cache hits so far: 0
  needs lookup: 0
  cache size: 212

resolved 0 countries, 0 IPs
unresolved: 0
top 10:

wrote /home/thorben.klamt/theobroma/static/visitors_by_country.json and /home/thorben.klamt/theobroma/static/visitors_meta.json
fetching IPs from access_log...
  distinct non-bot IPs: 0
  cache hits so far: 0
  needs lookup: 0
  cache size: 212

resolved 0 countries, 0 IPs
unresolved: 0
top 10:

wrote /home/thorben.klamt/theobroma/static/visitors_by_country.json and /home/thorben.klamt/theobroma/static/visitors_meta.json
fetching IPs from access_log...
  distinct non-bot IPs: 0
  cache hits so far: 0
  needs lookup: 0
  cache size: 212

resolved 0 countries, 0 IPs
unresolved: 0
top 10:

wrote /home/thorben.klamt/theobroma/static/visitors_by_country.json and /home/thorben.klamt/theobroma/static/visitors_meta.json
fetching IPs from access_log...
  distinct non-bot IPs: 0
  cache hits so far: 0
  needs lookup: 0
  cache size: 212

resolved 0 countries, 0 IPs
unresolved: 0
top 10:

wrote /home/thorben.klamt/theobroma/static/visitors_by_country.json and /home/thorben.klamt/theobroma/static/visitors_meta.json
fetching IPs from access_log...
  distinct non-bot IPs: 0
  cache hits so far: 0
  needs lookup: 0
  cache size: 212

resolved 0 countries, 0 IPs
unresolved: 0
top 10:

wrote /home/thorben.klamt/theobroma/static/visitors_by_country.json and /home/thorben.klamt/theobroma/static/visitors_meta.json
fetching IPs from access_log...
  distinct non-bot IPs: 0
  cache hits so far: 0
  needs lookup: 0
  cache size: 212

resolved 0 countries, 0 IPs
unresolved: 0
top 10:

wrote /home/thorben.klamt/theobroma/static/visitors_by_country.json and /home/thorben.klamt/theobroma/static/visitors_meta.json
fetching IPs from access_log...
  distinct non-bot IPs: 0
  cache hits so far: 0
  needs lookup: 0
  cache size: 212

resolved 0 countries, 0 IPs
unresolved: 0
top 10:

wrote /home/thorben.klamt/theobroma/static/visitors_by_country.json and /home/thorben.klamt/theobroma/static/visitors_meta.json
fetching IPs from access_log...
  distinct non-bot IPs: 0
  cache hits so far: 0
  needs lookup: 0
  cache size: 212

resolved 0 countries, 0 IPs
unresolved: 0
top 10:

wrote /home/thorben.klamt/theobroma/static/visitors_by_country.json and /home/thorben.klamt/theobroma/static/visitors_meta.json
fetching IPs from access_log...
  distinct non-bot IPs: 0
  cache hits so far: 0
  needs lookup: 0
  cache size: 212

resolved 0 countries, 0 IPs
unresolved: 0
top 10:

wrote /home/thorben.klamt/theobroma/static/visitors_by_country.json and /home/thorben.klamt/theobroma/static/visitors_meta.json
fetching IPs from access_log...
  distinct non-bot IPs: 0
  cache hits so far: 0
  needs lookup: 0
  cache size: 212

resolved 0 countries, 0 IPs
unresolved: 0
top 10:

wrote /home/thorben.klamt/theobroma/static/visitors_by_country.json and /home/thorben.klamt/theobroma/static/visitors_meta.json
fetching IPs from access_log...
  distinct non-bot IPs: 279
  cache hits so far: 277
  needs lookup: 2
  cache size: 279

resolved 33 countries, 278 IPs
unresolved: 1
top 10:
  US (USA): 116 visitors, 988 hits
  DE (DEU): 60 visitors, 2,369 hits
  NL (NLD): 24 visitors, 88 hits
  CA (CAN): 8 visitors, 17 hits
  NP (NPL): 7 visitors, 693 hits
  GB (GBR): 7 visitors, 7 hits
  FR (FRA): 6 visitors, 8 hits
  PT (PRT): 4 visitors, 7 hits
  FI (FIN): 4 visitors, 5 hits
  LV (LVA): 3 visitors, 4 hits

wrote /home/thorben.klamt/theobroma/static/visitors_by_country.json and /home/thorben.klamt/theobroma/static/visitors_meta.json
fetching IPs from access_log...
  distinct non-bot IPs: 285
  cache hits so far: 279
  needs lookup: 6
  cache size: 285

resolved 34 countries, 284 IPs
unresolved: 1
top 10:
  US (USA): 118 visitors, 990 hits
  DE (DEU): 61 visitors, 2,379 hits
  NL (NLD): 24 visitors, 91 hits
  CA (CAN): 8 visitors, 17 hits
  NP (NPL): 7 visitors, 695 hits
  FR (FRA): 7 visitors, 9 hits
  GB (GBR): 7 visitors, 7 hits
  PT (PRT): 4 visitors, 7 hits
  FI (FIN): 4 visitors, 5 hits
  IN (IND): 3 visitors, 16 hits

wrote /home/thorben.klamt/theobroma/static/visitors_by_country.json and /home/thorben.klamt/theobroma/static/visitors_meta.json
fetching IPs from access_log...
  distinct non-bot IPs: 291
  cache hits so far: 285
  needs lookup: 6
  cache size: 291

resolved 34 countries, 290 IPs
unresolved: 1
top 10:
  US (USA): 120 visitors, 993 hits
  DE (DEU): 61 visitors, 2,379 hits
  NL (NLD): 24 visitors, 92 hits
  CA (CAN): 8 visitors, 17 hits
  NP (NPL): 7 visitors, 697 hits
  FR (FRA): 7 visitors, 9 hits
  GB (GBR): 7 visitors, 7 hits
  BR (BRA): 5 visitors, 5 hits
  PT (PRT): 4 visitors, 7 hits
  FI (FIN): 4 visitors, 5 hits

wrote /home/thorben.klamt/theobroma/static/visitors_by_country.json and /home/thorben.klamt/theobroma/static/visitors_meta.json
fetching IPs from access_log...
  distinct non-bot IPs: 293
  cache hits so far: 291
  needs lookup: 2
  cache size: 293

resolved 34 countries, 292 IPs
unresolved: 1
top 10:
  US (USA): 122 visitors, 1,118 hits
  DE (DEU): 61 visitors, 2,379 hits
  NL (NLD): 24 visitors, 93 hits
  CA (CAN): 8 visitors, 17 hits
  NP (NPL): 7 visitors, 697 hits
  FR (FRA): 7 visitors, 9 hits
  GB (GBR): 7 visitors, 7 hits
  BR (BRA): 5 visitors, 5 hits
  PT (PRT): 4 visitors, 7 hits
  FI (FIN): 4 visitors, 5 hits

wrote /home/thorben.klamt/theobroma/static/visitors_by_country.json and /home/thorben.klamt/theobroma/static/visitors_meta.json
fetching IPs from access_log...
  distinct non-bot IPs: 295
  cache hits so far: 293
  needs lookup: 2
  cache size: 295

resolved 34 countries, 294 IPs
unresolved: 1
top 10:
  US (USA): 123 visitors, 1,120 hits
  DE (DEU): 61 visitors, 2,379 hits
  NL (NLD): 25 visitors, 95 hits
  CA (CAN): 8 visitors, 17 hits
  NP (NPL): 7 visitors, 700 hits
  FR (FRA): 7 visitors, 9 hits
  GB (GBR): 7 visitors, 7 hits
  BR (BRA): 5 visitors, 5 hits
  PT (PRT): 4 visitors, 7 hits
  LV (LVA): 4 visitors, 5 hits

wrote /home/thorben.klamt/theobroma/static/visitors_by_country.json and /home/thorben.klamt/theobroma/static/visitors_meta.json
fetching IPs from access_log...
  distinct non-bot IPs: 296
  cache hits so far: 295
  needs lookup: 1
  cache size: 296

resolved 34 countries, 295 IPs
unresolved: 1
top 10:
  US (USA): 123 visitors, 1,120 hits
  DE (DEU): 61 visitors, 2,379 hits
  NL (NLD): 25 visitors, 96 hits
  CA (CAN): 8 visitors, 17 hits
  NP (NPL): 7 visitors, 700 hits
  FR (FRA): 7 visitors, 9 hits
  GB (GBR): 7 visitors, 7 hits
  BR (BRA): 6 visitors, 6 hits
  PT (PRT): 4 visitors, 7 hits
  FI (FIN): 4 visitors, 5 hits

wrote /home/thorben.klamt/theobroma/static/visitors_by_country.json and /home/thorben.klamt/theobroma/static/visitors_meta.json
fetching IPs from access_log...
  distinct non-bot IPs: 309
  cache hits so far: 296
  needs lookup: 13
  cache size: 309

resolved 34 countries, 308 IPs
unresolved: 1
top 10:
  US (USA): 127 visitors, 1,132 hits
  DE (DEU): 63 visitors, 2,406 hits
  NL (NLD): 26 visitors, 99 hits
  CA (CAN): 8 visitors, 17 hits
  FR (FRA): 8 visitors, 10 hits
  NP (NPL): 7 visitors, 702 hits
  GB (GBR): 7 visitors, 7 hits
  BR (BRA): 6 visitors, 6 hits
  FI (FIN): 5 visitors, 6 hits
  IN (IND): 4 visitors, 46 hits

wrote /home/thorben.klamt/theobroma/static/visitors_by_country.json and /home/thorben.klamt/theobroma/static/visitors_meta.json
